
[7m[1m[36m RUN [39m[22m[27m [36mv1.6.1[39m [90mC:/Users/rolan/OneDrive/Desktop/hypercube-gpu-core[39m

[90mstdout[2m | tests/unit/gpu_v5_macros.test.ts[2m > [22m[2mHypercube v5.0 Macro System & API[2m > [22m[2mGpuDispatcher: should generate professional macros for explicit faces[22m[39m
HEADER_START
 // Hypercube Auto-Generated Header for Rule: Update
struct HypercubeUniforms {
  nx: u32, ny: u32, strideRow: u32, physicalNy: u32,
  t: f32, tick: u32, strideFace: u32, numFaces: u32,
  p0: f32, p1: f32, p2: f32, p3: f32,
  p4: f32, p5: f32, p6: f32, p7: f32,
  faces: array<u32, 64>,
  leftRole: u32, rightRole: u32, topRole: u32, bottomRole: u32, frontRole: u32, backRole: u32,
  ghosts: u32,
  reserved: u32
};

@group(0) @binding(0) var<storage, read_write> data: array<f32>;
@group(0) @binding(1) var<uniform> uniforms: HypercubeUniforms;

fn read_scalar_Read(x: u32, y: u32) -> f32 { return data[uniforms.faces[0] * uniforms.strideFace + getIndex(u32(x), u32(y))]; }
fn write_scalar_Read(x: u32, y: u32, val: f32) { data[uniforms.faces[0] * uniforms.strideFace + getIndex(u32(x), u32(y))] = val; }
fn read3D_scalar_Read(x: u32, y: u32, z: u32) -> f32 { return data[uniforms.faces[0] * uniforms.strideFace + getIndex3D(u32(x), u32(y), u32(z))]; }
fn write3D_scalar_Read(x: u32, y: u32, z: u32, val: f32) { data[uniforms.faces[0] * uniforms.strideFace + getIndex3D(u32(x), u32(y), u32(z))] = val; }
fn read_scalar_Write(x: u32, y: u32) -> f32 { return data[uniforms.faces[1] * uniforms.strideFace + getIndex(u32(x), u32(y))]; }
fn write_scalar_Write(x: u32, y: u32, val: f32) { data[uniforms.faces[1] * uniforms.strideFace + getIndex(u32(x), u32(y))] = val; }
fn read3D_scalar_Write(x: u32, y: u32, z: u32) -> f32 { return data[uniforms.faces[1] * uniforms.strideFace + getIndex3D(u32(x), u32(y), u32(z))]; }
fn write3D_scalar_Write(x: u32, y: u32, z: u32, val: f32) { data[uniforms.faces[1] * uniforms.strideFace + getIndex3D(u32(x), u32(y), u32(z))] = val; }
fn read_pp(x: u32, y: u32) -> f32 { return data[uniforms.faces[2] * uniforms.strideFace + getIndex(u32(x), u32(y))]; }
fn write_pp(x: u32, y: u32, val: f32) { data[uniforms.faces[2] * uniforms.strideFace + getIndex(u32(x), u32(y))] = val; }
fn read3D_pp(x: u32, y: u32, z: u32) -> f32 { return data[uniforms.faces[2] * uniforms.strideFace + getIndex3D(u32(x), u32(y), u32(z))]; }
fn write3D_pp(x: u32, y: u32, z: u32, val: f32) { data[uniforms.faces[2] * uniforms.strideFace + getIndex3D(u32(x), u32(y), u32(z))] = val; }
fn read_pp_Now(x: u32, y: u32) -> f32 { return read_pp(x, y); }
fn write_pp_Next(x: u32, y: u32, val: f32) { write_pp(x, y, val); }
fn read_wave.now_Now(x: u32, y: u32) -> f32 { return data[uniforms.faces[3] * uniforms.strideFace + getIndex(u32(x), u32(y))]; }
fn write_wave.now_Now(x: u32, y: u32, val: f32) { data[uniforms.faces[3] * uniforms.strideFace + getIndex(u32(x), u32(y))] = val; }
fn read3D_wave.now_Now(x: u32, y: u32, z: u32) -> f32 { return data[uniforms.faces[3] * uniforms.strideFace + getIndex3D(u32(x), u32(y), u32(z))]; }
fn write3D_wave.now_Now(x: u32, y: u32, z: u32, val: f32) { data[uniforms.faces[3] * uniforms.strideFace + getIndex3D(u32(x), u32(y), u32(z))] = val; }
fn read_wave.old_Old(x: u32, y: u32) -> f32 { return data[uniforms.faces[4] * uniforms.strideFace + getIndex(u32(x), u32(y))]; }
fn write_wave.old_Old(x: u32, y: u32, val: f32) { data[uniforms.faces[4] * uniforms.strideFace + getIndex(u32(x), u32(y))] = val; }
fn read3D_wave.old_Old(x: u32, y: u32, z: u32) -> f32 { return data[uniforms.faces[4] * uniforms.strideFace + getIndex3D(u32(x), u32(y), u32(z))]; }
fn write3D_wave.old_Old(x: u32, y: u32, z: u32, val: f32) { data[uniforms.faces[4] * uniforms.strideFace + getIndex3D(u32(x), u32(y), u32(z))] = val; }
fn read_wave.next_Next(x: u32, y: u32) -> f32 { return data[uniforms.faces[5] * uniforms.strideFace + getIndex(u32(x), u32(y))]; }
fn write_wave.next_Next(x: u32, y: u32, val: f32) { data[uniforms.faces[5] * uniforms.strideFace + getIndex(u32(x), u32(y))] = val; }
fn read3D_wave.next_Next(x: u32, y: u32, z: u32) -> f32 { return data[uniforms.faces[5] * uniforms.strideFace + getIndex3D(u32(x), u32(y), u32(z))]; }
fn write3D_wave.next_Next(x: u32, y: u32, z: u32, val: f32) { data[uniforms.faces[5] * uniforms.strideFace + getIndex3D(u32(x), u32(y), u32(z))] = val; }

fn getIndex(x: u32, y: u32) -> u32 { 
  return (y + uniforms.ghosts) * uniforms.strideRow + (x + uniforms.ghosts);
}

fn getIndex3D(x: u32, y: u32, z: u32) -> u32 { 
  let ly = uniforms.physicalNy;
  return (z + uniforms.ghosts) * uniforms.strideRow * ly + (y + uniforms.ghosts) * uniforms.strideRow + (x + uniforms.ghosts);
}
 
HEADER_END

 [33mÔØ»[39m tests/unit/gpu_v5_macros.test.ts [2m ([22m[2m3 tests[22m [2m|[22m [31m1 failed[39m[2m)[22m[90m 11[2mms[22m[39m
[31m   [33mÔØ»[31m tests/unit/gpu_v5_macros.test.ts[2m > [22mHypercube v5.0 Macro System & API[2m > [22mGpuDispatcher: should generate professional macros for explicit faces[39m
[31m     ÔåÆ expected '// Hypercube Auto-Generated Header foÔÇª' to contain 'fn read_wave_Now(x: u32, y: u32) -> fÔÇª'[39m

node.exe : 
[31mÔÄ»ÔÄ»ÔÄ»ÔÄ»ÔÄ»ÔÄ»ÔÄ»[1m[7m Failed 
Tests 1 
[27m[22mÔÄ»ÔÄ»ÔÄ»ÔÄ»ÔÄ»ÔÄ»ÔÄ»[39m
Au caractère C:\Program 
Files\nodejs\npx.ps1:29 : 3
+   & $NODE_EXE $NPX_CLI_JS $args
+   ~~~~~~~~~~~~~~~~~~~~~~~~~~~~~
    + CategoryInfo          : NotSpecified 
   : ([31mÔÄ»ÔÄ»ÔÄ»Ô...»ÔÄ»ÔÄ»ÔÄ»[39m:S  
  tring) [], RemoteException
    + FullyQualifiedErrorId : NativeComman 
   dError
 

[31m[1m[7m FAIL [27m[22m[39m 
tests/unit/gpu_v5_macros.test.ts[2m > 
[22mHypercube v5.0 Macro System & API[2m 
> [22mGpuDispatcher: should generate 
professional macros for explicit faces
[31m[1mAssertionError[22m: expected '// 
Hypercube Auto-Generated Header foÔÇª' to 
contain 'fn read_wave_Now(x: u32, y: u32) 
-> fÔÇª'[39m

[32m- Expected[39m
[31m+ Received[39m

[32m- fn read_wave_Now(x: u32, y: u32) -> 
f32[39m
[31m+ // Hypercube Auto-Generated Header 
for Rule: Update[39m
[31m+ struct HypercubeUniforms {[39m
[31m+   nx: u32, ny: u32, strideRow: u32, 
physicalNy: u32,[39m
[31m+   t: f32, tick: u32, strideFace: 
u32, numFaces: u32,[39m
[31m+   p0: f32, p1: f32, p2: f32, p3: 
f32,[39m
[31m+   p4: f32, p5: f32, p6: f32, p7: 
f32,[39m
[31m+   faces: array<u32, 64>,[39m
[31m+   leftRole: u32, rightRole: u32, 
topRole: u32, bottomRole: u32, frontRole: 
u32, backRole: u32,[39m
[31m+   ghosts: u32,[39m
[31m+   reserved: u32[39m
[31m+ };[39m
[31m+[39m
[31m+ @group(0) @binding(0) var<storage, 
read_write> data: array<f32>;[39m
[31m+ @group(0) @binding(1) var<uniform> 
uniforms: HypercubeUniforms;[39m
[31m+[39m
[31m+ fn read_scalar_Read(x: u32, y: u32) 
-> f32 { return data[uniforms.faces[0] * 
uniforms.strideFace + getIndex(u32(x), 
u32(y))]; }[39m
[31m+ fn write_scalar_Read(x: u32, y: 
u32, val: f32) { data[uniforms.faces[0] * 
uniforms.strideFace + getIndex(u32(x), 
u32(y))] = val; }[39m
[31m+ fn read3D_scalar_Read(x: u32, y: 
u32, z: u32) -> f32 { return 
data[uniforms.faces[0] * 
uniforms.strideFace + getIndex3D(u32(x), 
u32(y), u32(z))]; }[39m
[31m+ fn write3D_scalar_Read(x: u32, y: 
u32, z: u32, val: f32) { 
data[uniforms.faces[0] * 
uniforms.strideFace + getIndex3D(u32(x), 
u32(y), u32(z))] = val; }[39m
[31m+ fn read_scalar_Write(x: u32, y: 
u32) -> f32 { return 
data[uniforms.faces[1] * 
uniforms.strideFace + getIndex(u32(x), 
u32(y))]; }[39m
[31m+ fn write_scalar_Write(x: u32, y: 
u32, val: f32) { data[uniforms.faces[1] * 
uniforms.strideFace + getIndex(u32(x), 
u32(y))] = val; }[39m
[31m+ fn read3D_scalar_Write(x: u32, y: 
u32, z: u32) -> f32 { return 
data[uniforms.faces[1] * 
uniforms.strideFace + getIndex3D(u32(x), 
u32(y), u32(z))]; }[39m
[31m+ fn write3D_scalar_Write(x: u32, y: 
u32, z: u32, val: f32) { 
data[uniforms.faces[1] * 
uniforms.strideFace + getIndex3D(u32(x), 
u32(y), u32(z))] = val; }[39m
[31m+ fn read_pp(x: u32, y: u32) -> f32 { 
return data[uniforms.faces[2] * 
uniforms.strideFace + getIndex(u32(x), 
u32(y))]; }[39m
[31m+ fn write_pp(x: u32, y: u32, val: 
f32) { data[uniforms.faces[2] * 
uniforms.strideFace + getIndex(u32(x), 
u32(y))] = val; }[39m
[31m+ fn read3D_pp(x: u32, y: u32, z: 
u32) -> f32 { return 
data[uniforms.faces[2] * 
uniforms.strideFace + getIndex3D(u32(x), 
u32(y), u32(z))]; }[39m
[31m+ fn write3D_pp(x: u32, y: u32, z: 
u32, val: f32) { data[uniforms.faces[2] * 
uniforms.strideFace + getIndex3D(u32(x), 
u32(y), u32(z))] = val; }[39m
[31m+ fn read_pp_Now(x: u32, y: u32) -> 
f32 { return read_pp(x, y); }[39m
[31m+ fn write_pp_Next(x: u32, y: u32, 
val: f32) { write_pp(x, y, val); }[39m
[31m+ fn read_wave.now_Now(x: u32, y: 
u32) -> f32 { return 
data[uniforms.faces[3] * 
uniforms.strideFace + getIndex(u32(x), 
u32(y))]; }[39m
[31m+ fn write_wave.now_Now(x: u32, y: 
u32, val: f32) { data[uniforms.faces[3] * 
uniforms.strideFace + getIndex(u32(x), 
u32(y))] = val; }[39m
[31m+ fn read3D_wave.now_Now(x: u32, y: 
u32, z: u32) -> f32 { return 
data[uniforms.faces[3] * 
uniforms.strideFace + getIndex3D(u32(x), 
u32(y), u32(z))]; }[39m
[31m+ fn write3D_wave.now_Now(x: u32, y: 
u32, z: u32, val: f32) { 
data[uniforms.faces[3] * 
uniforms.strideFace + getIndex3D(u32(x), 
u32(y), u32(z))] = val; }[39m
[31m+ fn read_wave.old_Old(x: u32, y: 
u32) -> f32 { return 
data[uniforms.faces[4] * 
uniforms.strideFace + getIndex(u32(x), 
u32(y))]; }[39m
[31m+ fn write_wave.old_Old(x: u32, y: 
u32, val: f32) { data[uniforms.faces[4] * 
uniforms.strideFace + getIndex(u32(x), 
u32(y))] = val; }[39m
[31m+ fn read3D_wave.old_Old(x: u32, y: 
u32, z: u32) -> f32 { return 
data[uniforms.faces[4] * 
uniforms.strideFace + getIndex3D(u32(x), 
u32(y), u32(z))]; }[39m
[31m+ fn write3D_wave.old_Old(x: u32, y: 
u32, z: u32, val: f32) { 
data[uniforms.faces[4] * 
uniforms.strideFace + getIndex3D(u32(x), 
u32(y), u32(z))] = val; }[39m
[31m+ fn read_wave.next_Next(x: u32, y: 
u32) -> f32 { return 
data[uniforms.faces[5] * 
uniforms.strideFace + getIndex(u32(x), 
u32(y))]; }[39m
[31m+ fn write_wave.next_Next(x: u32, y: 
u32, val: f32) { data[uniforms.faces[5] * 
uniforms.strideFace + getIndex(u32(x), 
u32(y))] = val; }[39m
[31m+ fn read3D_wave.next_Next(x: u32, y: 
u32, z: u32) -> f32 { return 
data[uniforms.faces[5] * 
uniforms.strideFace + getIndex3D(u32(x), 
u32(y), u32(z))]; }[39m
[31m+ fn write3D_wave.next_Next(x: u32, 
y: u32, z: u32, val: f32) { 
data[uniforms.faces[5] * 
uniforms.strideFace + getIndex3D(u32(x), 
u32(y), u32(z))] = val; }[39m
[31m+[39m
[31m+ fn getIndex(x: u32, y: u32) -> u32 
{ [39m
[31m+   return (y + uniforms.ghosts) * 
uniforms.strideRow + (x + 
uniforms.ghosts);[39m
[31m+ }[39m
[31m+[39m
[31m+ fn getIndex3D(x: u32, y: u32, z: 
u32) -> u32 { [39m
[31m+   let ly = uniforms.physicalNy;[39m
[31m+   return (z + uniforms.ghosts) * 
uniforms.strideRow * ly + (y + 
uniforms.ghosts) * uniforms.strideRow + (x 
+ uniforms.ghosts);[39m
[31m+ }[39m
[31m+[39m

[36m [2mÔØ»[22m tests/unit/gpu_v5_macros
.test.ts:[2m86:24[22m[39m
    [90m 84| [39m        
    [90m 85| [39m        [90m// Check 
Triple-Buffer secondary macros 
(Now/Next/Old)[39m
    [90m 86| [39m        [34mexpect[39m
(header)[33m.[39m[34mtoContain[39m([32
m'fn read_wave_Now(x: u32, y: u32) -> 
[39mÔÇª
    [90m   | [39m                       
[31m^[39m
    [90m 87| [39m        [34mexpect[39m
(header)[33m.[39m[34mtoContain[39m([32
m'fn write_wave_Next(x: u32, y: u32, 
v[39mÔÇª
    [90m 88| [39m        [34mexpect[39m
(header)[33m.[39m[34mtoContain[39m([32
m'fn read_wave_Old(x: u32, y: u32) -> 
[39mÔÇª

[31m[2mÔÄ»ÔÄ»ÔÄ»ÔÄ»ÔÄ»ÔÄ»ÔÄ»ÔÄ»ÔÄ»ÔÄ»ÔÄ»Ô
Ä»ÔÄ»ÔÄ»ÔÄ»ÔÄ»ÔÄ»ÔÄ»ÔÄ»ÔÄ»ÔÄ»ÔÄ»ÔÄ»ÔÄ»[1/1]
ÔÄ»[22m[39m

[2m Test Files [22m [1m[31m1 failed[39m[22m[90m (1)[39m
[2m      Tests [22m [1m[31m1 failed[39m[22m[2m | [22m[1m[32m2 passed[39m[22m[90m (3)[39m
[2m   Start at [22m 11:01:33
[2m   Duration [22m 484ms[2m (transform 103ms, setup 46ms, collect 85ms, tests 11ms, environment 0ms, prepare 137ms)[22m

